RAM Allocation [bytes]
Variable                                                                          Address   Size
------------------------------------------------------------------------------------------------
_base_y (alcd.lib)                                                                0x0500       4

EEPROM Allocation [bytes]
Variable                                                                          Address   Size
------------------------------------------------------------------------------------------------

Register Allocation
Variable                                                                          Register  Size
------------------------------------------------------------------------------------------------
x                                                                                 R5           1
y                                                                                 R4           1
_lcd_x                                                                            R7           1
_lcd_y                                                                            R6           1
_lcd_maxx                                                                         R9           1

FLASH Allocation [words]
Function                                                                          Address   Size
------------------------------------------------------------------------------------------------
main                                                                              0x00084     52
SPI_SlaveReceive                                                                  0x000B8      4
_lcd_write_nibble_G101                                                            0x000BC     21
_lcd_write_data                                                                   0x000D1     14
lcd_gotoxy                                                                        0x000DF     18
lcd_clear                                                                         0x000F1     10
lcd_putchar                                                                       0x000FB     19
lcd_init                                                                          0x0010E     43
